src/App.tsx(34,43): error TS2741: Property 'modalId' is missing in type '{}' but required in type 'BlogPostProps'.
src/App.tsx(35,44): error TS2741: Property 'modalId' is missing in type '{}' but required in type 'VideoPostProps'.
src/App.tsx(36,44): error TS2741: Property 'modalId' is missing in type '{}' but required in type 'ImagePostProps'.
src/Components/Input/index.tsx(45,21): error TS2349: This expression is not callable.
  Type '{}' has no call signatures.
src/Components/Input/index.tsx(51,11): error TS2322: Type 'false | {}' is not assignable to type 'ReactNode'.
  Type '{}' is not assignable to type 'ReactNode'.
src/Components/Input/index.tsx(52,11): error TS2322: Type 'false | {}' is not assignable to type 'ReactNode'.
  Type '{}' is not assignable to type 'ReactNode'.
src/Components/Input/index.tsx(56,13): error TS2322: Type 'unknown' is not assignable to type 'HTMLInputTypeAttribute | undefined'.
src/Components/Input/index.tsx(57,13): error TS2322: Type 'unknown' is not assignable to type 'string | undefined'.
src/Components/Input/index.tsx(59,13): error TS2322: Type 'unknown' is not assignable to type 'string | undefined'.
src/Components/Input/index.tsx(62,11): error TS2322: Type 'false | {}' is not assignable to type 'ReactNode'.
  Type '{}' is not assignable to type 'ReactNode'.
src/Components/Modal/ModalContainer.tsx(11,32): error TS7053: Element implicitly has an 'any' type because expression of type 'any' can't be used to index type 'Record<keyof ModalDataMap, ModalComponent>'.
src/Components/Pages/currentuserprofile.tsx(4,18): error TS2307: Cannot find module '../PostComponents/post' or its corresponding type declarations.
src/Components/Pages/currentuserprofile.tsx(5,20): error TS2307: Cannot find module '../PostComponents/postvideo' or its corresponding type declarations.
src/Components/Pages/currentuserprofile.tsx(6,23): error TS2307: Cannot find module '../PostComponents/postImages' or its corresponding type declarations.
src/Components/Pages/envSpecificHomePage.tsx(6,18): error TS2307: Cannot find module '../PostComponents/post' or its corresponding type declarations.
src/Components/Pages/envSpecificHomePage.tsx(7,23): error TS2307: Cannot find module '../PostComponents/postImages' or its corresponding type declarations.
src/Components/Pages/envSpecificHomePage.tsx(8,20): error TS2307: Cannot find module '../PostComponents/postvideo' or its corresponding type declarations.
src/Components/Pages/follow.tsx(13,11): error TS2339: Property 'data' does not exist on type 'DataContextValue | undefined'.
src/Components/Pages/follow.tsx(13,17): error TS2339: Property 'fetchData' does not exist on type 'DataContextValue | undefined'.
src/Components/Pages/follow.tsx(13,28): error TS2339: Property 'avatar' does not exist on type 'DataContextValue | undefined'.
src/Components/Pages/follow.tsx(13,36): error TS2339: Property 'datanotfollowed' does not exist on type 'DataContextValue | undefined'.
src/Components/Pages/follow.tsx(13,53): error TS2339: Property 'fetchDataNotFollowed' does not exist on type 'DataContextValue | undefined'.
src/Components/Pages/HomePage.tsx(6,18): error TS2307: Cannot find module '../PostComponents/post' or its corresponding type declarations.
src/Components/Pages/HomePage.tsx(7,23): error TS2307: Cannot find module '../PostComponents/postImages' or its corresponding type declarations.
src/Components/Pages/HomePage.tsx(8,20): error TS2307: Cannot find module '../PostComponents/postvideo' or its corresponding type declarations.
src/Components/Pages/imagepost.tsx(77,36): error TS7006: Parameter '_' implicitly has an 'any' type.
src/Components/Pages/imagepost.tsx(77,39): error TS7006: Parameter 'i' implicitly has an 'any' type.
src/Components/Pages/userprofile.tsx(4,18): error TS2307: Cannot find module '../PostComponents/post' or its corresponding type declarations.
src/Components/Pages/userprofile.tsx(5,23): error TS2307: Cannot find module '../PostComponents/postImages' or its corresponding type declarations.
src/Components/Pages/userprofile.tsx(6,20): error TS2307: Cannot find module '../PostComponents/postvideo' or its corresponding type declarations.
src/Components/Parts/LeftBar.tsx(13,20): error TS2307: Cannot find module './sidebar.module.scss' or its corresponding type declarations.
src/Components/SubComponent/hpQuestion.tsx(3,20): error TS2307: Cannot find module './postboxes.module.scss' or its corresponding type declarations.
src/Components/SubComponent/imageHomepage.tsx(3,20): error TS2307: Cannot find module './postboxes.module.scss' or its corresponding type declarations.
src/Components/SubComponent/postHomepage.tsx(3,20): error TS2307: Cannot find module './postboxes.module.scss' or its corresponding type declarations.
src/Components/subParts/mainHompageSearchBar.tsx(2,20): error TS2307: Cannot find module './searchBar.module.scss' or its corresponding type declarations.
src/Components/subParts/myProfileSearchBar.tsx(2,20): error TS2307: Cannot find module './searchBar.module.scss' or its corresponding type declarations.
src/Components/subParts/shortsearchbar-hp.tsx(2,20): error TS2307: Cannot find module './searchBar.module.scss' or its corresponding type declarations.
src/hooks/useAppForm.ts(3,19): error TS2724: '"zod"' has no exported member named 'ZodTypeDef'. Did you mean 'ZodType'?
src/index.tsx(4,8): error TS2882: Cannot find module or type declarations for side-effect import of './index.css'.
src/store/modalSlice.ts(2,39): error TS2307: Cannot find module '../../types/modal' or its corresponding type declarations.
src/utils/formValidation.ts(48,20): error TS2345: Argument of type '{ code: "too_small"; minimum: number; inclusive: true; type: string; message: string; }' is not assignable to parameter of type 'string | { [x: string]: unknown; readonly input?: unknown; readonly code: "invalid_type"; readonly expected: $ZodInvalidTypeExpected; readonly message?: string | undefined; readonly path?: PropertyKey[] | undefined; readonly inst?: $ZodType<...> | ... 1 more ... | undefined; readonly continue?: boolean | undefined; ...'.
  Property 'origin' is missing in type '{ code: "too_small"; minimum: number; inclusive: true; type: string; message: string; }' but required in type '{ [x: string]: unknown; readonly input?: unknown; readonly minimum: number | bigint; readonly code: "too_small"; readonly origin: "string" | "number" | "bigint" | "set" | "date" | "file" | (string & {}) | "array" | "int"; ... 5 more ...; readonly continue?: boolean | undefined; }'.
src/utils/formValidation.ts(58,20): error TS2345: Argument of type '{ code: "too_big"; maximum: number; inclusive: true; type: string; message: string; }' is not assignable to parameter of type 'string | { [x: string]: unknown; readonly input?: unknown; readonly code: "invalid_type"; readonly expected: $ZodInvalidTypeExpected; readonly message?: string | undefined; readonly path?: PropertyKey[] | undefined; readonly inst?: $ZodType<...> | ... 1 more ... | undefined; readonly continue?: boolean | undefined; ...'.
  Property 'origin' is missing in type '{ code: "too_big"; maximum: number; inclusive: true; type: string; message: string; }' but required in type '{ [x: string]: unknown; readonly input?: unknown; readonly maximum: number | bigint; readonly code: "too_big"; readonly origin: "string" | "number" | "bigint" | "set" | "date" | "file" | (string & {}) | "array" | "int"; ... 5 more ...; readonly continue?: boolean | undefined; }'.
